.next/dev/types/validator.ts(647,39): error TS2307: Cannot find module '../../../app/dashboard/progress-report/page.js' or its corresponding type declarations.
.next/types/validator.ts(719,39): error TS2307: Cannot find module '../../app/treatment/page.js' or its corresponding type declarations.
